Microchip MPLAB XC8 Compiler V2.00 ()

Linker command line:

-W-3 --edf=C:\Program Files (x86)\Microchip\xc8\v2.00\pic\dat\en_msgs.txt \
  -cs -h+dist/default/production\disp7seg.X.production.sym \
  --cmf=dist/default/production\disp7seg.X.production.cmf -z -Q16F887 \
  -oC:\Users\20185086\AppData\Local\Temp\s7c.2 \
  -Mdist/default/production/disp7seg.X.production.map -E1 -ver=XC8 \
  --acfsm=1493 -ASTACK=0110h-016fh -pstack=STACK -ACODE=00h-07FFhx4 \
  -ASTRCODE=00h-01FFFh -ASTRING=00h-0FFhx32 -ACONST=00h-0FFhx32 \
  -AENTRY=00h-0FFhx32 -ACOMMON=070h-07Fh -ABANK0=020h-06Fh \
  -ABANK1=0A0h-0EFh -ABANK2=0110h-016Fh -ABANK3=0190h-01EFh \
  -ARAM=020h-06Fh,0A0h-0EFh,0110h-016Fh,0190h-01EFh \
  -AABS1=020h-07Fh,0A0h-0EFh,0110h-016Fh,0190h-01EFh -ASFR0=00h-01Fh \
  -ASFR1=080h-09Fh -ASFR2=0100h-010Fh -ASFR3=0180h-018Fh \
  -preset_vec=00h,intentry,init,end_init -ppowerup=CODE -pcinit=CODE \
  -pfunctab=ENTRY -ACONFIG=02007h-02008h -pconfig=CONFIG -DCONFIG=2 \
  -AIDLOC=02000h-02003h -pidloc=IDLOC -DIDLOC=2 -AEEDATA=00h-0FFh/02100h \
  -peeprom_data=EEDATA -DEEDATA=2 -DCODE=2 -DSTRCODE=2 -DSTRING=2 -DCONST=2 \
  -DENTRY=2 -k C:\Users\20185086\AppData\Local\Temp\s7c.o \
  dist/default/production\disp7seg.X.production.o 

Object code version is 3.11

Machine type is 16F887



                Name                               Link     Load   Length Selector   Space Scale
C:\Users\20185086\AppData\Local\Temp\s7c.o
                end_init                              0        0        3        0       0
                config                             2007     2007        2     400E       0
dist/default/production\disp7seg.X.production.o
                cinit                               7D0      7D0       30      FA0       0
                functab                               3        3       15        6       0
                text10                              67C      67C        8      CF8       0
                text9                               684      684        8      D08       0
                text8                               68C      68C        8      D18       0
                text7                               666      666        5      CCC       0
                text6                               670      670        6      CE0       0
                text5                               676      676        6      CEC       0
                text4                               69E      69E        B      D3C       0
                text3                               6E0      6E0       17      DC0       0
                text2                               694      694        A      D28       0
                text1                               6CC      6CC       14      D98       0
                maintext                            6F7      6F7       D9      DEE       0
                cstackCOMMON                         70       70        8       70       1
                inittext                            6B9      6B9       13      D72       0
                dataBANK0                            20       20       10       20       1
                dataCOMMON                           78       78        5       70       1
                idataBANK0                          6A9      6A9       10      D52       0
                idataCOMMON                         66B      66B        5      CD6       0

TOTAL           Name                               Link     Load   Length     Space
        CLASS   STACK          

        CLASS   CODE           
                end_init                              0        0        3         0
                cinit                               7D0      7D0       30         0
                text10                              67C      67C        8         0
                text9                               684      684        8         0
                text8                               68C      68C        8         0
                text7                               666      666        5         0
                text6                               670      670        6         0
                text5                               676      676        6         0
                text4                               69E      69E        B         0
                text3                               6E0      6E0       17         0
                text2                               694      694        A         0
                text1                               6CC      6CC       14         0
                maintext                            6F7      6F7       D9         0
                inittext                            6B9      6B9       13         0
                idataBANK0                          6A9      6A9       10         0
                idataCOMMON                         66B      66B        5         0

        CLASS   STRCODE        

        CLASS   STRING         

        CLASS   CONST          

        CLASS   ENTRY          
                functab                               3        3       15         0

        CLASS   COMMON         
                cstackCOMMON                         70       70        8         1
                dataCOMMON                           78       78        5         1

        CLASS   BANK0          
                dataBANK0                            20       20       10         1

        CLASS   BANK1          

        CLASS   BANK2          

        CLASS   BANK3          

        CLASS   RAM            

        CLASS   ABS1           
                abs_s1                               7E       7E        2         1

        CLASS   SFR0           

        CLASS   SFR1           

        CLASS   SFR2           

        CLASS   SFR3           

        CLASS   CONFIG         
                config                             2007     2007        2         0

        CLASS   IDLOC          

        CLASS   EEDATA         



SEGMENTS        Name                           Load    Length   Top    Selector   Space  Class     Delta

                reset_vec                      000000  000003  000003         0       0  CODE        2
                functab                        000003  000015  000018         6       0  ENTRY       2
                dataBANK0                      000020  000010  000030        20       1  BANK0       1
                cstackCOMMON                   000070  00000D  00007D        70       1  COMMON      1
                text7                          000666  000005  00066B       CCC       0  CODE        2
                idataCOMMON                    00066B  000005  000670       CD6       0  CODE        2
                text6                          000670  000006  000676       CE0       0  CODE        2
                text5                          000676  000006  00067C       CEC       0  CODE        2
                text10                         00067C  000008  000684       CF8       0  CODE        2
                text9                          000684  000008  00068C       D08       0  CODE        2
                text8                          00068C  000008  000694       D18       0  CODE        2
                text2                          000694  00000A  00069E       D28       0  CODE        2
                text4                          00069E  00000B  0006A9       D3C       0  CODE        2
                idataBANK0                     0006A9  000010  0006B9       D52       0  CODE        2
                inittext                       0006B9  000013  0006CC       D72       0  CODE        2
                text1                          0006CC  000014  0006E0       D98       0  CODE        2
                text3                          0006E0  000017  0006F7       DC0       0  CODE        2
                maintext                       0006F7  0000D9  0007D0       DEE       0  CODE        2
                cinit                          0007D0  000030  000800       FA0       0  CODE        2
                config                         002007  000002  002009      400E       0  CONFIG      2


UNUSED ADDRESS RANGES

        Name                Unused          Largest block    Delta
        BANK0            0030-006F             40           1
        BANK1            00A0-00EF             50           1
        BANK2            0110-016F             60           1
        BANK3            0190-01EF             60           1
        CODE             0018-0665            64E           2
                         0800-1FFF            800
        COMMON           007D-007D              1           1
        CONST            0018-0665            100           2
                         0800-1FFF            100
        EEDATA           2100-21FF            100           2
        ENTRY            0018-0665            100           2
                         0800-1FFF            100
        IDLOC            2000-2003              4           2
        RAM              0030-006F             40           1
                         00A0-00EF             50
                         0110-016F             60
                         0190-01EF             60
        SFR0             0000-001F             20           1
        SFR1             0080-009F             20           1
        SFR2             0100-010F             10           1
        SFR3             0180-018F             10           1
        STACK            0110-016F             60           1
        STRCODE          0018-0665            64E           2
                         0800-1FFF           1800
        STRING           0018-0665            100           2
                         0800-1FFF            100

                                  Symbol Table

K1@x                       cstackCOMMON 0070
K2@x                       cstackCOMMON 0070
K3@x                       cstackCOMMON 0070
_ANSELH                    (abs)        0189
_K1                        text10       067C
_K2                        text9        0684
_K3                        text8        068C
_PORTB                     (abs)        0006
_PORTDbits                 (abs)        0008
_TRISB                     (abs)        0086
_TRISDbits                 (abs)        0088
__CFG_BOR4V$BOR40V         (abs)        0000
__CFG_BOREN$OFF            (abs)        0000
__CFG_CP$OFF               (abs)        0000
__CFG_CPD$OFF              (abs)        0000
__CFG_FCMEN$ON             (abs)        0000
__CFG_FOSC$INTRC_NOCLKOUT  (abs)        0000
__CFG_IESO$OFF             (abs)        0000
__CFG_LVP$OFF              (abs)        0000
__CFG_MCLRE$OFF            (abs)        0000
__CFG_PWRTE$OFF            (abs)        0000
__CFG_WDTE$OFF             (abs)        0000
__CFG_WRT$OFF              (abs)        0000
__Habs1                    abs1         0000
__Hbank0                   bank0        0000
__Hbank1                   bank1        0000
__Hbank2                   bank2        0000
__Hbank3                   bank3        0000
__Hcinit                   cinit        0800
__Hclrtext                 clrtext      0000
__Hcode                    code         0000
__Hcommon                  common       0000
__Hconfig                  config       2009
__HcstackCOMMON            cstackCOMMON 0000
__HdataBANK0               dataBANK0    0000
__HdataCOMMON              dataCOMMON   0000
__Heeprom_data             eeprom_data  0000
__Hend_init                end_init     0003
__Hfunctab                 functab      0018
__HidataBANK0              idataBANK0   0000
__HidataCOMMON             idataCOMMON  0000
__Hidloc                   idloc        0000
__Hinit                    init         0000
__Hinittext                inittext     0000
__Hintentry                intentry     0000
__Hmaintext                maintext     0000
__Hpowerup                 powerup      0000
__Hram                     ram          0000
__Hreset_vec               reset_vec    0000
__Hsfr0                    sfr0         0000
__Hsfr1                    sfr1         0000
__Hsfr2                    sfr2         0000
__Hsfr3                    sfr3         0000
__Hspace_0                 (abs)        2009
__Hspace_1                 (abs)        007D
__Hspace_2                 (abs)        0000
__Hspace_3                 (abs)        0000
__Hstack                   stack        0000
__Hstrings                 strings      0000
__Htext                    text         0000
__Labs1                    abs1         0000
__Lbank0                   bank0        0000
__Lbank1                   bank1        0000
__Lbank2                   bank2        0000
__Lbank3                   bank3        0000
__Lcinit                   cinit        07D0
__Lclrtext                 clrtext      0000
__Lcode                    code         0000
__Lcommon                  common       0000
__Lconfig                  config       2007
__LcstackCOMMON            cstackCOMMON 0000
__LdataBANK0               dataBANK0    0000
__LdataCOMMON              dataCOMMON   0000
__Leeprom_data             eeprom_data  0000
__Lend_init                end_init     0000
__Lfunctab                 functab      0003
__LidataBANK0              idataBANK0   0000
__LidataCOMMON             idataCOMMON  0000
__Lidloc                   idloc        0000
__Linit                    init         0000
__Linittext                inittext     0000
__Lintentry                intentry     0000
__Lmaintext                maintext     0000
__Lpowerup                 powerup      0000
__Lram                     ram          0000
__Lreset_vec               reset_vec    0000
__Lsfr0                    sfr0         0000
__Lsfr1                    sfr1         0000
__Lsfr2                    sfr2         0000
__Lsfr3                    sfr3         0000
__Lspace_0                 (abs)        0000
__Lspace_1                 (abs)        0000
__Lspace_2                 (abs)        0000
__Lspace_3                 (abs)        0000
__Lstack                   stack        0000
__Lstrings                 strings      0000
__Ltext                    text         0000
__S0                       (abs)        2009
__S1                       (abs)        007D
__S2                       (abs)        0000
__S3                       (abs)        0000
___int_sp                  stack        0000
___latbits                 (abs)        0002
___sp                      stack        0000
__end_of_K1                text10       0684
__end_of_K2                text9        068C
__end_of_K3                text8        0694
__end_of__fptable          functab      0018
__end_of__initialization   cinit        07FC
__end_of_botoes_init       text7        066B
__end_of_btdesliga         text6        0676
__end_of_btliga            text5        067C
__end_of_contatores_init   text4        06A9
__end_of_delay             text3        06F7
__end_of_display7seg_init  text2        069E
__end_of_main              maintext     07D0
__end_of_segmentos         text1        06E0
__fptable                  functab      0003
__initialization           cinit        07D0
__pcstackCOMMON            cstackCOMMON 0070
__pdataBANK0               dataBANK0    0020
__pdataCOMMON              dataCOMMON   0078
__pfunctab                 functab      0003
__pidataBANK0              idataBANK0   06A9
__pidataCOMMON             idataCOMMON  066B
__pmaintext                maintext     06F7
__ptext1                   text1        06CC
__ptext10                  text10       067C
__ptext2                   text2        0694
__ptext3                   text3        06E0
__ptext4                   text4        069E
__ptext5                   text5        0676
__ptext6                   text6        0670
__ptext7                   text7        0666
__ptext8                   text8        068C
__ptext9                   text9        0684
__size_of_K1               (abs)        0000
__size_of_K2               (abs)        0000
__size_of_K3               (abs)        0000
__size_of__fptable         (abs)        0000
__size_of_botoes_init      (abs)        0000
__size_of_btdesliga        (abs)        0000
__size_of_btliga           (abs)        0000
__size_of_contatores_init  (abs)        0000
__size_of_delay            (abs)        0000
__size_of_display7seg_init (abs)        0000
__size_of_main             (abs)        0000
__size_of_segmentos        (abs)        0000
_botoes_init               text7        0666
_btdesliga                 text6        0670
_btliga                    text5        0676
_button                    dataCOMMON   0078
_contatores_init           text4        069E
_delay                     text3        06E0
_display7seg_init          text2        0694
_main                      maintext     06F7
_segment                   dataCOMMON   007B
_segmentos                 text1        06CC
_vetor                     dataBANK0    0020
btemp                      (abs)        007E
delay@t                    cstackCOMMON 0070
end_of_initialization      cinit        07FC
fpbase                     functab      0008
fptable                    functab      0003
fptotal                    (abs)        000A
init_fetch0                inittext     06B9
init_ram0                  inittext     06BD
intlevel0                  functab      0003
intlevel1                  functab      0003
intlevel2                  functab      0003
intlevel3                  functab      0003
intlevel4                  functab      0003
intlevel5                  functab      0003
main@estado                cstackCOMMON 0076
main@s                     cstackCOMMON 0074
reset_vec                  reset_vec    0000
segmentos@x                cstackCOMMON 0070
stackhi                    (abs)        0000
stacklo                    (abs)        0000
start                      init         0000
start_initialization       cinit        07D0
wtemp0                     (abs)        007E


FUNCTION INFORMATION:

 *************** function _main *****************
 Defined at:
		line 16 in file "main.c"
 Parameters:    Size  Location     Type
		None
 Auto vars:     Size  Location     Type
  estado          2    6[COMMON] int 
  s               2    4[COMMON] int 
 Return value:  Size  Location     Type
                  1    wreg      void 
 Registers used:
		wreg, fsr0l, fsr0h, status,2, status,0, btemp+1, pclath, cstack
 Tracked objects:
		On entry : 
		On exit  : 
		Unchanged: 
 Data sizes:     COMMON   BANK0   BANK1   BANK3   BANK2
      Params:         0       0       0       0       0
      Locals:         4       0       0       0       0
      Temps:          1       0       0       0       0
      Totals:         5       0       0       0       0
Total ram usage:        5 bytes
 Hardware stack levels required when called:    1
 This function calls:
		_K1
		_K2
		_K3
		_botoes_init
		_btdesliga
		_btliga
		_contatores_init
		_delay
		_display7seg_init
		_segmentos
 This function is called by:
		Startup code after reset
 This function uses a non-reentrant model


 *************** function _segmentos *****************
 Defined at:
		line 22 in file "segmentos.c"
 Parameters:    Size  Location     Type
  x               1    0[COMMON] unsigned char 
 Auto vars:     Size  Location     Type
		None
 Return value:  Size  Location     Type
                  1    wreg      void 
 Registers used:
		wreg, fsr0l, fsr0h, status,2, status,0
 Tracked objects:
		On entry : 
		On exit  : 
		Unchanged: 
 Data sizes:     COMMON   BANK0   BANK1   BANK3   BANK2
      Params:         1       0       0       0       0
      Locals:         0       0       0       0       0
      Temps:          0       0       0       0       0
      Totals:         1       0       0       0       0
Total ram usage:        1 bytes
 Hardware stack levels used:    1
 This function calls:
		Nothing
 This function is called by:
		_main
 This function uses a non-reentrant model


 *************** function _display7seg_init *****************
 Defined at:
		line 15 in file "segmentos.c"
 Parameters:    Size  Location     Type
		None
 Auto vars:     Size  Location     Type
		None
 Return value:  Size  Location     Type
                  1    wreg      void 
 Registers used:
		status,2
 Tracked objects:
		On entry : 
		On exit  : 
		Unchanged: 
 Data sizes:     COMMON   BANK0   BANK1   BANK3   BANK2
      Params:         0       0       0       0       0
      Locals:         0       0       0       0       0
      Temps:          0       0       0       0       0
      Totals:         0       0       0       0       0
Total ram usage:        0 bytes
 Hardware stack levels used:    1
 This function calls:
		Nothing
 This function is called by:
		_main
 This function uses a non-reentrant model


 *************** function _delay *****************
 Defined at:
		line 12 in file "delay.c"
 Parameters:    Size  Location     Type
  t               2    0[COMMON] unsigned int 
 Auto vars:     Size  Location     Type
		None
 Return value:  Size  Location     Type
                  1    wreg      void 
 Registers used:
		wreg, status,2, status,0
 Tracked objects:
		On entry : 
		On exit  : 
		Unchanged: 
 Data sizes:     COMMON   BANK0   BANK1   BANK3   BANK2
      Params:         2       0       0       0       0
      Locals:         0       0       0       0       0
      Temps:          1       0       0       0       0
      Totals:         3       0       0       0       0
Total ram usage:        3 bytes
 Hardware stack levels used:    1
 This function calls:
		Nothing
 This function is called by:
		_main
 This function uses a non-reentrant model


 *************** function _contatores_init *****************
 Defined at:
		line 11 in file "contatores.c"
 Parameters:    Size  Location     Type
		None
 Auto vars:     Size  Location     Type
		None
 Return value:  Size  Location     Type
                  1    wreg      void 
 Registers used:
		None
 Tracked objects:
		On entry : 
		On exit  : 
		Unchanged: 
 Data sizes:     COMMON   BANK0   BANK1   BANK3   BANK2
      Params:         0       0       0       0       0
      Locals:         0       0       0       0       0
      Temps:          0       0       0       0       0
      Totals:         0       0       0       0       0
Total ram usage:        0 bytes
 Hardware stack levels used:    1
 This function calls:
		Nothing
 This function is called by:
		_main
 This function uses a non-reentrant model


 *************** function _btliga *****************
 Defined at:
		line 18 in file "botoes.c"
 Parameters:    Size  Location     Type
		None
 Auto vars:     Size  Location     Type
		None
 Return value:  Size  Location     Type
                  1    wreg      unsigned char 
 Registers used:
		wreg, status,2, status,0
 Tracked objects:
		On entry : 
		On exit  : 
		Unchanged: 
 Data sizes:     COMMON   BANK0   BANK1   BANK3   BANK2
      Params:         0       0       0       0       0
      Locals:         0       0       0       0       0
      Temps:          0       0       0       0       0
      Totals:         0       0       0       0       0
Total ram usage:        0 bytes
 Hardware stack levels used:    1
 This function calls:
		Nothing
 This function is called by:
		_main
 This function uses a non-reentrant model


 *************** function _btdesliga *****************
 Defined at:
		line 23 in file "botoes.c"
 Parameters:    Size  Location     Type
		None
 Auto vars:     Size  Location     Type
		None
 Return value:  Size  Location     Type
                  1    wreg      unsigned char 
 Registers used:
		wreg, status,2, status,0
 Tracked objects:
		On entry : 
		On exit  : 
		Unchanged: 
 Data sizes:     COMMON   BANK0   BANK1   BANK3   BANK2
      Params:         0       0       0       0       0
      Locals:         0       0       0       0       0
      Temps:          0       0       0       0       0
      Totals:         0       0       0       0       0
Total ram usage:        0 bytes
 Hardware stack levels used:    1
 This function calls:
		Nothing
 This function is called by:
		_main
 This function uses a non-reentrant model


 *************** function _botoes_init *****************
 Defined at:
		line 12 in file "botoes.c"
 Parameters:    Size  Location     Type
		None
 Auto vars:     Size  Location     Type
		None
 Return value:  Size  Location     Type
                  1    wreg      void 
 Registers used:
		None
 Tracked objects:
		On entry : 
		On exit  : 
		Unchanged: 
 Data sizes:     COMMON   BANK0   BANK1   BANK3   BANK2
      Params:         0       0       0       0       0
      Locals:         0       0       0       0       0
      Temps:          0       0       0       0       0
      Totals:         0       0       0       0       0
Total ram usage:        0 bytes
 Hardware stack levels used:    1
 This function calls:
		Nothing
 This function is called by:
		_main
 This function uses a non-reentrant model


 *************** function _K3 *****************
 Defined at:
		line 29 in file "contatores.c"
 Parameters:    Size  Location     Type
  x               2    0[COMMON] int 
 Auto vars:     Size  Location     Type
		None
 Return value:  Size  Location     Type
                  1    wreg      void 
 Registers used:
		wreg, status,0
 Tracked objects:
		On entry : 
		On exit  : 
		Unchanged: 
 Data sizes:     COMMON   BANK0   BANK1   BANK3   BANK2
      Params:         2       0       0       0       0
      Locals:         0       0       0       0       0
      Temps:          0       0       0       0       0
      Totals:         2       0       0       0       0
Total ram usage:        2 bytes
 Hardware stack levels used:    1
 This function calls:
		Nothing
 This function is called by:
		_main
 This function uses a non-reentrant model


 *************** function _K2 *****************
 Defined at:
		line 25 in file "contatores.c"
 Parameters:    Size  Location     Type
  x               2    0[COMMON] int 
 Auto vars:     Size  Location     Type
		None
 Return value:  Size  Location     Type
                  1    wreg      void 
 Registers used:
		wreg, status,0
 Tracked objects:
		On entry : 
		On exit  : 
		Unchanged: 
 Data sizes:     COMMON   BANK0   BANK1   BANK3   BANK2
      Params:         2       0       0       0       0
      Locals:         0       0       0       0       0
      Temps:          0       0       0       0       0
      Totals:         2       0       0       0       0
Total ram usage:        2 bytes
 Hardware stack levels used:    1
 This function calls:
		Nothing
 This function is called by:
		_main
 This function uses a non-reentrant model


 *************** function _K1 *****************
 Defined at:
		line 21 in file "contatores.c"
 Parameters:    Size  Location     Type
  x               2    0[COMMON] int 
 Auto vars:     Size  Location     Type
		None
 Return value:  Size  Location     Type
                  1    wreg      void 
 Registers used:
		wreg, status,0
 Tracked objects:
		On entry : 
		On exit  : 
		Unchanged: 
 Data sizes:     COMMON   BANK0   BANK1   BANK3   BANK2
      Params:         2       0       0       0       0
      Locals:         0       0       0       0       0
      Temps:          0       0       0       0       0
      Totals:         2       0       0       0       0
Total ram usage:        2 bytes
 Hardware stack levels used:    1
 This function calls:
		Nothing
 This function is called by:
		_main
 This function uses a non-reentrant model



MODULE INFORMATION

Module		Function		Class		Link	Load	Size
delay.c
		_delay         		CODE           	06E0	0000	24

delay.c estimated size: 24

botoes.c
		_botoes_init   		CODE           	0666	0000	6
		_btliga        		CODE           	0676	0000	7
		_btdesliga     		CODE           	0670	0000	7

botoes.c estimated size: 20

contatores.c
		_contatores_init		CODE           	069E	0000	12
		_K1            		CODE           	067C	0000	9
		_K2            		CODE           	0684	0000	9
		_K3            		CODE           	068C	0000	9

contatores.c estimated size: 39

shared
		__initialization		CODE           	07D0	0000	45
		__fptable      		ENTRY          	0003	0000	22

shared estimated size: 67

segmentos.c
		_segmentos     		CODE           	06CC	0000	21
		_display7seg_init		CODE           	0694	0000	11

segmentos.c estimated size: 32

main.c
		_main          		CODE           	06F7	0000	218

main.c estimated size: 218

