Microchip MPLAB XC8 Compiler V2.00 ()

Linker command line:

-W-3 --edf=C:\Program Files (x86)\Microchip\xc8\v2.00\pic\dat\en_msgs.txt \
  -cs -h+dist/default/production\disp7seg.X.production.sym \
  --cmf=dist/default/production\disp7seg.X.production.cmf -z -Q16F887 \
  -oC:\Users\20185086\AppData\Local\Temp\s6ts.2 \
  -Mdist/default/production/disp7seg.X.production.map -E1 -ver=XC8 \
  --acfsm=1493 -ASTACK=0110h-016fh -pstack=STACK -ACODE=00h-07FFhx4 \
  -ASTRCODE=00h-01FFFh -ASTRING=00h-0FFhx32 -ACONST=00h-0FFhx32 \
  -AENTRY=00h-0FFhx32 -ACOMMON=070h-07Fh -ABANK0=020h-06Fh \
  -ABANK1=0A0h-0EFh -ABANK2=0110h-016Fh -ABANK3=0190h-01EFh \
  -ARAM=020h-06Fh,0A0h-0EFh,0110h-016Fh,0190h-01EFh \
  -AABS1=020h-07Fh,0A0h-0EFh,0110h-016Fh,0190h-01EFh -ASFR0=00h-01Fh \
  -ASFR1=080h-09Fh -ASFR2=0100h-010Fh -ASFR3=0180h-018Fh \
  -preset_vec=00h,intentry,init,end_init -ppowerup=CODE -pcinit=CODE \
  -pfunctab=ENTRY -ACONFIG=02007h-02008h -pconfig=CONFIG -DCONFIG=2 \
  -AIDLOC=02000h-02003h -pidloc=IDLOC -DIDLOC=2 -AEEDATA=00h-0FFh/02100h \
  -peeprom_data=EEDATA -DEEDATA=2 -DCODE=2 -DSTRCODE=2 -DSTRING=2 -DCONST=2 \
  -DENTRY=2 -k C:\Users\20185086\AppData\Local\Temp\s6ts.o \
  dist/default/production\disp7seg.X.production.o 

Object code version is 3.11

Machine type is 16F887



                Name                               Link     Load   Length Selector   Space Scale
C:\Users\20185086\AppData\Local\Temp\s6ts.o
                end_init                              0        0        3        0       0
                config                             2007     2007        2     400E       0
dist/default/production\disp7seg.X.production.o
                cinit                               7E2      7E2       1E      FC4       0
                functab                               3        3        C        6       0
                text5                               6E5      6E5        5      DCA       0
                text4                               6EA      6EA        6      DD4       0
                text3                               6F0      6F0        6      DE0       0
                text2                               6F6      6F6        A      DEC       0
                text1                               723      723       14      E46       0
                maintext                            737      737       AB      E6E       0
                cstackCOMMON                         70       70        6       70       1
                inittext                            710      710       13      E20       0
                dataBANK0                            20       20       10       20       1
                dataCOMMON                           76       76        2       70       1
                idataBANK0                          700      700       10      E00       0
                idataCOMMON                         6E3      6E3        2      DC6       0

TOTAL           Name                               Link     Load   Length     Space
        CLASS   STACK          

        CLASS   CODE           
                end_init                              0        0        3         0
                cinit                               7E2      7E2       1E         0
                text5                               6E5      6E5        5         0
                text4                               6EA      6EA        6         0
                text3                               6F0      6F0        6         0
                text2                               6F6      6F6        A         0
                text1                               723      723       14         0
                maintext                            737      737       AB         0
                inittext                            710      710       13         0
                idataBANK0                          700      700       10         0
                idataCOMMON                         6E3      6E3        2         0

        CLASS   STRCODE        

        CLASS   STRING         

        CLASS   CONST          

        CLASS   ENTRY          
                functab                               3        3        C         0

        CLASS   COMMON         
                cstackCOMMON                         70       70        6         1
                dataCOMMON                           76       76        2         1

        CLASS   BANK0          
                dataBANK0                            20       20       10         1

        CLASS   BANK1          

        CLASS   BANK2          

        CLASS   BANK3          

        CLASS   RAM            

        CLASS   ABS1           
                abs_s1                               7E       7E        2         1

        CLASS   SFR0           

        CLASS   SFR1           

        CLASS   SFR2           

        CLASS   SFR3           

        CLASS   CONFIG         
                config                             2007     2007        2         0

        CLASS   IDLOC          

        CLASS   EEDATA         



SEGMENTS        Name                           Load    Length   Top    Selector   Space  Class     Delta

                reset_vec                      000000  000003  000003         0       0  CODE        2
                functab                        000003  00000C  00000F         6       0  ENTRY       2
                dataBANK0                      000020  000010  000030        20       1  BANK0       1
                cstackCOMMON                   000070  000008  000078        70       1  COMMON      1
                idataCOMMON                    0006E3  000002  0006E5       DC6       0  CODE        2
                text5                          0006E5  000005  0006EA       DCA       0  CODE        2
                text4                          0006EA  000006  0006F0       DD4       0  CODE        2
                text3                          0006F0  000006  0006F6       DE0       0  CODE        2
                text2                          0006F6  00000A  000700       DEC       0  CODE        2
                idataBANK0                     000700  000010  000710       E00       0  CODE        2
                inittext                       000710  000013  000723       E20       0  CODE        2
                text1                          000723  000014  000737       E46       0  CODE        2
                maintext                       000737  0000AB  0007E2       E6E       0  CODE        2
                cinit                          0007E2  00001E  000800       FC4       0  CODE        2
                config                         002007  000002  002009      400E       0  CONFIG      2


UNUSED ADDRESS RANGES

        Name                Unused          Largest block    Delta
        BANK0            0030-006F             40           1
        BANK1            00A0-00EF             50           1
        BANK2            0110-016F             60           1
        BANK3            0190-01EF             60           1
        CODE             000F-06E2            6D4           2
                         0800-1FFF            800
        COMMON           0078-007D              6           1
        CONST            000F-06E2            100           2
                         0800-1FFF            100
        EEDATA           2100-21FF            100           2
        ENTRY            000F-06E2            100           2
                         0800-1FFF            100
        IDLOC            2000-2003              4           2
        RAM              0030-006F             40           1
                         00A0-00EF             50
                         0110-016F             60
                         0190-01EF             60
        SFR0             0000-001F             20           1
        SFR1             0080-009F             20           1
        SFR2             0100-010F             10           1
        SFR3             0180-018F             10           1
        STACK            0110-016F             60           1
        STRCODE          000F-06E2            6D4           2
                         0800-1FFF           1800
        STRING           000F-06E2            100           2
                         0800-1FFF            100

                                  Symbol Table

_ANSELH                    (abs)        0189
_PORTB                     (abs)        0006
_PORTDbits                 (abs)        0008
_TRISB                     (abs)        0086
_TRISDbits                 (abs)        0088
__CFG_BOR4V$BOR40V         (abs)        0000
__CFG_BOREN$OFF            (abs)        0000
__CFG_CP$OFF               (abs)        0000
__CFG_CPD$OFF              (abs)        0000
__CFG_FCMEN$ON             (abs)        0000
__CFG_FOSC$INTRC_NOCLKOUT  (abs)        0000
__CFG_IESO$OFF             (abs)        0000
__CFG_LVP$OFF              (abs)        0000
__CFG_MCLRE$OFF            (abs)        0000
__CFG_PWRTE$OFF            (abs)        0000
__CFG_WDTE$OFF             (abs)        0000
__CFG_WRT$OFF              (abs)        0000
__Habs1                    abs1         0000
__Hbank0                   bank0        0000
__Hbank1                   bank1        0000
__Hbank2                   bank2        0000
__Hbank3                   bank3        0000
__Hcinit                   cinit        0800
__Hclrtext                 clrtext      0000
__Hcode                    code         0000
__Hcommon                  common       0000
__Hconfig                  config       2009
__HcstackCOMMON            cstackCOMMON 0000
__HdataBANK0               dataBANK0    0000
__HdataCOMMON              dataCOMMON   0000
__Heeprom_data             eeprom_data  0000
__Hend_init                end_init     0003
__Hfunctab                 functab      000F
__HidataBANK0              idataBANK0   0000
__HidataCOMMON             idataCOMMON  0000
__Hidloc                   idloc        0000
__Hinit                    init         0000
__Hinittext                inittext     0000
__Hintentry                intentry     0000
__Hmaintext                maintext     0000
__Hpowerup                 powerup      0000
__Hram                     ram          0000
__Hreset_vec               reset_vec    0000
__Hsfr0                    sfr0         0000
__Hsfr1                    sfr1         0000
__Hsfr2                    sfr2         0000
__Hsfr3                    sfr3         0000
__Hspace_0                 (abs)        2009
__Hspace_1                 (abs)        0078
__Hspace_2                 (abs)        0000
__Hspace_3                 (abs)        0000
__Hstack                   stack        0000
__Hstrings                 strings      0000
__Htext                    text         0000
__Labs1                    abs1         0000
__Lbank0                   bank0        0000
__Lbank1                   bank1        0000
__Lbank2                   bank2        0000
__Lbank3                   bank3        0000
__Lcinit                   cinit        07E2
__Lclrtext                 clrtext      0000
__Lcode                    code         0000
__Lcommon                  common       0000
__Lconfig                  config       2007
__LcstackCOMMON            cstackCOMMON 0000
__LdataBANK0               dataBANK0    0000
__LdataCOMMON              dataCOMMON   0000
__Leeprom_data             eeprom_data  0000
__Lend_init                end_init     0000
__Lfunctab                 functab      0003
__LidataBANK0              idataBANK0   0000
__LidataCOMMON             idataCOMMON  0000
__Lidloc                   idloc        0000
__Linit                    init         0000
__Linittext                inittext     0000
__Lintentry                intentry     0000
__Lmaintext                maintext     0000
__Lpowerup                 powerup      0000
__Lram                     ram          0000
__Lreset_vec               reset_vec    0000
__Lsfr0                    sfr0         0000
__Lsfr1                    sfr1         0000
__Lsfr2                    sfr2         0000
__Lsfr3                    sfr3         0000
__Lspace_0                 (abs)        0000
__Lspace_1                 (abs)        0000
__Lspace_2                 (abs)        0000
__Lspace_3                 (abs)        0000
__Lstack                   stack        0000
__Lstrings                 strings      0000
__Ltext                    text         0000
__S0                       (abs)        2009
__S1                       (abs)        0078
__S2                       (abs)        0000
__S3                       (abs)        0000
___int_sp                  stack        0000
___latbits                 (abs)        0002
___sp                      stack        0000
__end_of__fptable          functab      000F
__end_of__initialization   cinit        07FC
__end_of_botoes_init       text5        06EA
__end_of_btdesliga         text4        06F0
__end_of_btliga            text3        06F6
__end_of_display7seg_init  text2        0700
__end_of_main              maintext     07E2
__end_of_segmentos         text1        0737
__fptable                  functab      0003
__initialization           cinit        07E2
__pcstackCOMMON            cstackCOMMON 0070
__pdataBANK0               dataBANK0    0020
__pdataCOMMON              dataCOMMON   0076
__pfunctab                 functab      0003
__pidataBANK0              idataBANK0   0700
__pidataCOMMON             idataCOMMON  06E3
__pmaintext                maintext     0737
__ptext1                   text1        0723
__ptext2                   text2        06F6
__ptext3                   text3        06F0
__ptext4                   text4        06EA
__ptext5                   text5        06E5
__size_of__fptable         (abs)        0000
__size_of_botoes_init      (abs)        0000
__size_of_btdesliga        (abs)        0000
__size_of_btliga           (abs)        0000
__size_of_display7seg_init (abs)        0000
__size_of_main             (abs)        0000
__size_of_segmentos        (abs)        0000
_botoes_init               text5        06E5
_btdesliga                 text4        06EA
_btliga                    text3        06F0
_display7seg_init          text2        06F6
_main                      maintext     0737
_segment                   dataCOMMON   0076
_segmentos                 text1        0723
_vetor                     dataBANK0    0020
btemp                      (abs)        007E
end_of_initialization      cinit        07FC
fpbase                     functab      0008
fptable                    functab      0003
fptotal                    (abs)        0004
init_fetch0                inittext     0710
init_ram0                  inittext     0714
intlevel0                  functab      0003
intlevel1                  functab      0003
intlevel2                  functab      0003
intlevel3                  functab      0003
intlevel4                  functab      0003
intlevel5                  functab      0003
main@cont                  cstackCOMMON 0074
main@estado                cstackCOMMON 0073
reset_vec                  reset_vec    0000
segmentos@x                cstackCOMMON 0070
stackhi                    (abs)        0000
stacklo                    (abs)        0000
start                      init         0000
start_initialization       cinit        07E2
wtemp0                     (abs)        007E


FUNCTION INFORMATION:

 *************** function _main *****************
 Defined at:
		line 15 in file "main.c"
 Parameters:    Size  Location     Type
		None
 Auto vars:     Size  Location     Type
  cont            2    4[COMMON] int 
  estado          1    3[COMMON] unsigned char 
 Return value:  Size  Location     Type
                  1    wreg      void 
 Registers used:
		wreg, fsr0l, fsr0h, status,2, status,0, btemp+1, pclath, cstack
 Tracked objects:
		On entry : 
		On exit  : 
		Unchanged: 
 Data sizes:     COMMON   BANK0   BANK1   BANK3   BANK2
      Params:         0       0       0       0       0
      Locals:         3       0       0       0       0
      Temps:          2       0       0       0       0
      Totals:         5       0       0       0       0
Total ram usage:        5 bytes
 Hardware stack levels required when called:    1
 This function calls:
		_botoes_init
		_btdesliga
		_btliga
		_display7seg_init
		_segmentos
 This function is called by:
		Startup code after reset
 This function uses a non-reentrant model


 *************** function _segmentos *****************
 Defined at:
		line 22 in file "segmentos.c"
 Parameters:    Size  Location     Type
  x               1    0[COMMON] unsigned char 
 Auto vars:     Size  Location     Type
		None
 Return value:  Size  Location     Type
                  1    wreg      void 
 Registers used:
		wreg, fsr0l, fsr0h, status,2, status,0
 Tracked objects:
		On entry : 
		On exit  : 
		Unchanged: 
 Data sizes:     COMMON   BANK0   BANK1   BANK3   BANK2
      Params:         1       0       0       0       0
      Locals:         0       0       0       0       0
      Temps:          0       0       0       0       0
      Totals:         1       0       0       0       0
Total ram usage:        1 bytes
 Hardware stack levels used:    1
 This function calls:
		Nothing
 This function is called by:
		_main
 This function uses a non-reentrant model


 *************** function _display7seg_init *****************
 Defined at:
		line 15 in file "segmentos.c"
 Parameters:    Size  Location     Type
		None
 Auto vars:     Size  Location     Type
		None
 Return value:  Size  Location     Type
                  1    wreg      void 
 Registers used:
		status,2
 Tracked objects:
		On entry : 
		On exit  : 
		Unchanged: 
 Data sizes:     COMMON   BANK0   BANK1   BANK3   BANK2
      Params:         0       0       0       0       0
      Locals:         0       0       0       0       0
      Temps:          0       0       0       0       0
      Totals:         0       0       0       0       0
Total ram usage:        0 bytes
 Hardware stack levels used:    1
 This function calls:
		Nothing
 This function is called by:
		_main
 This function uses a non-reentrant model


 *************** function _btliga *****************
 Defined at:
		line 18 in file "botoes.c"
 Parameters:    Size  Location     Type
		None
 Auto vars:     Size  Location     Type
		None
 Return value:  Size  Location     Type
                  1    wreg      unsigned char 
 Registers used:
		wreg, status,2, status,0
 Tracked objects:
		On entry : 
		On exit  : 
		Unchanged: 
 Data sizes:     COMMON   BANK0   BANK1   BANK3   BANK2
      Params:         0       0       0       0       0
      Locals:         0       0       0       0       0
      Temps:          0       0       0       0       0
      Totals:         0       0       0       0       0
Total ram usage:        0 bytes
 Hardware stack levels used:    1
 This function calls:
		Nothing
 This function is called by:
		_main
 This function uses a non-reentrant model


 *************** function _btdesliga *****************
 Defined at:
		line 23 in file "botoes.c"
 Parameters:    Size  Location     Type
		None
 Auto vars:     Size  Location     Type
		None
 Return value:  Size  Location     Type
                  1    wreg      unsigned char 
 Registers used:
		wreg, status,2, status,0
 Tracked objects:
		On entry : 
		On exit  : 
		Unchanged: 
 Data sizes:     COMMON   BANK0   BANK1   BANK3   BANK2
      Params:         0       0       0       0       0
      Locals:         0       0       0       0       0
      Temps:          0       0       0       0       0
      Totals:         0       0       0       0       0
Total ram usage:        0 bytes
 Hardware stack levels used:    1
 This function calls:
		Nothing
 This function is called by:
		_main
 This function uses a non-reentrant model


 *************** function _botoes_init *****************
 Defined at:
		line 12 in file "botoes.c"
 Parameters:    Size  Location     Type
		None
 Auto vars:     Size  Location     Type
		None
 Return value:  Size  Location     Type
                  1    wreg      void 
 Registers used:
		None
 Tracked objects:
		On entry : 
		On exit  : 
		Unchanged: 
 Data sizes:     COMMON   BANK0   BANK1   BANK3   BANK2
      Params:         0       0       0       0       0
      Locals:         0       0       0       0       0
      Temps:          0       0       0       0       0
      Totals:         0       0       0       0       0
Total ram usage:        0 bytes
 Hardware stack levels used:    1
 This function calls:
		Nothing
 This function is called by:
		_main
 This function uses a non-reentrant model



MODULE INFORMATION

Module		Function		Class		Link	Load	Size
botoes.c
		_botoes_init   		CODE           	06E5	0000	6
		_btliga        		CODE           	06F0	0000	7
		_btdesliga     		CODE           	06EA	0000	7

botoes.c estimated size: 20

shared
		__initialization		CODE           	07E2	0000	27
		__fptable      		ENTRY          	0003	0000	13

shared estimated size: 40

segmentos.c
		_segmentos     		CODE           	0723	0000	21
		_display7seg_init		CODE           	06F6	0000	11

segmentos.c estimated size: 32

main.c
		_main          		CODE           	0737	0000	172

main.c estimated size: 172

